#-----------------------------------------------------------
# Vivado v2019.1 (64-bit)
# SW Build 2552052 on Fri May 24 14:49:42 MDT 2019
# IP Build 2548770 on Fri May 24 18:01:18 MDT 2019
# Start of session at: Sat Aug 29 21:52:07 2020
# Process ID: 4188
# Current directory: C:/Users/Weronika/Desktop/sdup/projekt/BWT_TEST
# Command line: vivado.exe -gui_launcher_event rodinguilauncherevent19380 C:\Users\Weronika\Desktop\sdup\projekt\BWT_TEST\bwt_test.xpr
# Log file: C:/Users/Weronika/Desktop/sdup/projekt/BWT_TEST/vivado.log
# Journal file: C:/Users/Weronika/Desktop/sdup/projekt/BWT_TEST\vivado.jou
#-----------------------------------------------------------
start_gui
open_project C:/Users/Weronika/Desktop/sdup/projekt/BWT_TEST/bwt_test.xpr
update_compile_order -fileset sources_1
ipx::edit_ip_in_project -upgrade true -name bwt_ip_v1_0_project -directory C:/Users/Weronika/Desktop/sdup/projekt/BWT_TEST/bwt_test.tmp/bwt_ip_v1_0_project c:/Users/Weronika/Desktop/sdup/projekt/BWT_TEST/ip/bwt_ip_1.0/component.xml
update_compile_order -fileset sources_1
set_property core_revision 3 [ipx::current_core]
ipx::update_source_project_archive -component [ipx::current_core]
ipx::create_xgui_files [ipx::current_core]
ipx::update_checksums [ipx::current_core]
ipx::save_core [ipx::current_core]
ipx::move_temp_component_back -component [ipx::current_core]
close_project -delete
update_ip_catalog -rebuild -repo_path c:/Users/Weronika/Desktop/sdup/projekt/BWT_TEST/ip/bwt_ip_1.0
