#-----------------------------------------------------------
# Webtalk v2019.1 (64-bit)
# SW Build 2552052 on Fri May 24 14:49:42 MDT 2019
# IP Build 2548770 on Fri May 24 18:01:18 MDT 2019
# Start of session at: Sat Sep  5 15:38:47 2020
# Process ID: 20764
# Current directory: D:/MTM/semestr8/SDUP_BWT/BWT_3/BWT/Zynq_bwt_v2/zynq_bwt_v2/zynq_bwt_v2.sim/sim_1/synth/func/xsim
# Command line: wbtcv.exe -mode batch -source D:/MTM/semestr8/SDUP_BWT/BWT_3/BWT/Zynq_bwt_v2/zynq_bwt_v2/zynq_bwt_v2.sim/sim_1/synth/func/xsim/xsim.dir/bwt_design_wrapper_func_synth/webtalk/xsim_webtalk.tcl -notrace
# Log file: D:/MTM/semestr8/SDUP_BWT/BWT_3/BWT/Zynq_bwt_v2/zynq_bwt_v2/zynq_bwt_v2.sim/sim_1/synth/func/xsim/webtalk.log
# Journal file: D:/MTM/semestr8/SDUP_BWT/BWT_3/BWT/Zynq_bwt_v2/zynq_bwt_v2/zynq_bwt_v2.sim/sim_1/synth/func/xsim\webtalk.jou
#-----------------------------------------------------------
source D:/MTM/semestr8/SDUP_BWT/BWT_3/BWT/Zynq_bwt_v2/zynq_bwt_v2/zynq_bwt_v2.sim/sim_1/synth/func/xsim/xsim.dir/bwt_design_wrapper_func_synth/webtalk/xsim_webtalk.tcl -notrace
