#-----------------------------------------------------------
# Vivado v2019.1 (64-bit)
# SW Build 2552052 on Fri May 24 14:49:42 MDT 2019
# IP Build 2548770 on Fri May 24 18:01:18 MDT 2019
# Start of session at: Fri Sep  4 00:19:01 2020
# Process ID: 11488
# Current directory: D:/MTM/semestr8/SDUP_BWT/BWT_3/BWT/Zynq_bwt_v2/zynq_bwt_v2
# Command line: vivado.exe -gui_launcher_event rodinguilauncherevent2440 D:\MTM\semestr8\SDUP_BWT\BWT_3\BWT\Zynq_bwt_v2\zynq_bwt_v2\zynq_bwt_v2.xpr
# Log file: D:/MTM/semestr8/SDUP_BWT/BWT_3/BWT/Zynq_bwt_v2/zynq_bwt_v2/vivado.log
# Journal file: D:/MTM/semestr8/SDUP_BWT/BWT_3/BWT/Zynq_bwt_v2/zynq_bwt_v2\vivado.jou
#-----------------------------------------------------------
start_gui
open_project D:/MTM/semestr8/SDUP_BWT/BWT_3/BWT/Zynq_bwt_v2/zynq_bwt_v2/zynq_bwt_v2.xpr
update_compile_order -fileset sources_1
report_ip_status -name ip_status 
open_bd_design {D:/MTM/semestr8/SDUP_BWT/BWT_3/BWT/Zynq_bwt_v2/zynq_bwt_v2/zynq_bwt_v2.srcs/sources_1/bd/bwt_design/bwt_design.bd}
set_property LOCK_UPGRADE 1 [get_bd_cells /bwt_ip_0]
report_ip_status -name ip_status 
delete_bd_objs [get_bd_intf_nets ps7_0_axi_periph_M00_AXI] [get_bd_cells bwt_ip_0]
undo
undo
update_ip_catalog -rebuild
set_property  ip_repo_paths  {d:/MTM/semestr8/SDUP_BWT/BWT_3/BWT/Zynq_bwt_v2/ip_repo/bwt_ip_2.0 D:/MTM/semestr8/SDUP_BWT/BWT_3/BWT/Zynq_bwt_v2/bwt_ip_2.0} [current_project]
update_ip_catalog
set_property  ip_repo_paths  d:/MTM/semestr8/SDUP_BWT/BWT_3/BWT/Zynq_bwt_v2/bwt_ip_2.0 [current_project]
update_ip_catalog
report_ip_status -name ip_status 
save_bd_design
reset_run synth_1
launch_runs impl_1 -to_step write_bitstream -jobs 4
wait_on_run impl_1
file copy -force D:/MTM/semestr8/SDUP_BWT/BWT_3/BWT/Zynq_bwt_v2/zynq_bwt_v2/zynq_bwt_v2.runs/impl_1/bwt_design_wrapper.sysdef D:/MTM/semestr8/SDUP_BWT/BWT_3/BWT/Zynq_bwt_v2/zynq_bwt_v2/zynq_bwt_v2.sdk/bwt_design_wrapper.hdf

launch_sdk -workspace D:/MTM/semestr8/SDUP_BWT/BWT_3/BWT/Zynq_bwt_v2/zynq_bwt_v2/zynq_bwt_v2.sdk -hwspec D:/MTM/semestr8/SDUP_BWT/BWT_3/BWT/Zynq_bwt_v2/zynq_bwt_v2/zynq_bwt_v2.sdk/bwt_design_wrapper.hdf
launch_sdk -workspace D:/MTM/semestr8/SDUP_BWT/BWT_3/BWT/Zynq_bwt_v2/zynq_bwt_v2/zynq_bwt_v2.sdk -hwspec D:/MTM/semestr8/SDUP_BWT/BWT_3/BWT/Zynq_bwt_v2/zynq_bwt_v2/zynq_bwt_v2.sdk/bwt_design_wrapper.hdf
launch_sdk -workspace D:/MTM/semestr8/SDUP_BWT/BWT_3/BWT/Zynq_bwt_v2/zynq_bwt_v2/zynq_bwt_v2.sdk -hwspec D:/MTM/semestr8/SDUP_BWT/BWT_3/BWT/Zynq_bwt_v2/zynq_bwt_v2/zynq_bwt_v2.sdk/bwt_design_wrapper.hdf
launch_sdk -workspace D:/MTM/semestr8/SDUP_BWT/BWT_3/BWT/Zynq_bwt_v2/zynq_bwt_v2/zynq_bwt_v2.sdk -hwspec D:/MTM/semestr8/SDUP_BWT/BWT_3/BWT/Zynq_bwt_v2/zynq_bwt_v2/zynq_bwt_v2.sdk/bwt_design_wrapper.hdf
ipx::edit_ip_in_project -upgrade true -name bwt_ip_v2_0_project -directory D:/MTM/semestr8/SDUP_BWT/BWT_3/BWT/Zynq_bwt_v2/zynq_bwt_v2/zynq_bwt_v2.tmp/bwt_ip_v2_0_project d:/MTM/semestr8/SDUP_BWT/BWT_3/BWT/Zynq_bwt_v2/bwt_ip_2.0/component.xml
update_compile_order -fileset sources_1
set_property core_revision 10 [ipx::current_core]
ipx::update_source_project_archive -component [ipx::current_core]
ipx::create_xgui_files [ipx::current_core]
ipx::update_checksums [ipx::current_core]
ipx::save_core [ipx::current_core]
ipx::move_temp_component_back -component [ipx::current_core]
close_project -delete
update_ip_catalog -rebuild -repo_path d:/MTM/semestr8/SDUP_BWT/BWT_3/BWT/Zynq_bwt_v2/bwt_ip_2.0
report_ip_status -name ip_status 
upgrade_ip -vlnv xilinx.com:user:bwt_ip:2.0 [get_ips  bwt_design_bwt_ip_0_0] -log ip_upgrade.log
export_ip_user_files -of_objects [get_ips bwt_design_bwt_ip_0_0] -no_script -sync -force -quiet
generate_target all [get_files  D:/MTM/semestr8/SDUP_BWT/BWT_3/BWT/Zynq_bwt_v2/zynq_bwt_v2/zynq_bwt_v2.srcs/sources_1/bd/bwt_design/bwt_design.bd]
catch { config_ip_cache -export [get_ips -all bwt_design_bwt_ip_0_0] }
catch { config_ip_cache -export [get_ips -all bwt_design_auto_pc_0] }
export_ip_user_files -of_objects [get_files D:/MTM/semestr8/SDUP_BWT/BWT_3/BWT/Zynq_bwt_v2/zynq_bwt_v2/zynq_bwt_v2.srcs/sources_1/bd/bwt_design/bwt_design.bd] -no_script -sync -force -quiet
create_ip_run [get_files -of_objects [get_fileset sources_1] D:/MTM/semestr8/SDUP_BWT/BWT_3/BWT/Zynq_bwt_v2/zynq_bwt_v2/zynq_bwt_v2.srcs/sources_1/bd/bwt_design/bwt_design.bd]
launch_runs -jobs 4 bwt_design_bwt_ip_0_0_synth_1
export_simulation -of_objects [get_files D:/MTM/semestr8/SDUP_BWT/BWT_3/BWT/Zynq_bwt_v2/zynq_bwt_v2/zynq_bwt_v2.srcs/sources_1/bd/bwt_design/bwt_design.bd] -directory D:/MTM/semestr8/SDUP_BWT/BWT_3/BWT/Zynq_bwt_v2/zynq_bwt_v2/zynq_bwt_v2.ip_user_files/sim_scripts -ip_user_files_dir D:/MTM/semestr8/SDUP_BWT/BWT_3/BWT/Zynq_bwt_v2/zynq_bwt_v2/zynq_bwt_v2.ip_user_files -ipstatic_source_dir D:/MTM/semestr8/SDUP_BWT/BWT_3/BWT/Zynq_bwt_v2/zynq_bwt_v2/zynq_bwt_v2.ip_user_files/ipstatic -lib_map_path [list {modelsim=D:/MTM/semestr8/SDUP_BWT/BWT_3/BWT/Zynq_bwt_v2/zynq_bwt_v2/zynq_bwt_v2.cache/compile_simlib/modelsim} {questa=D:/MTM/semestr8/SDUP_BWT/BWT_3/BWT/Zynq_bwt_v2/zynq_bwt_v2/zynq_bwt_v2.cache/compile_simlib/questa} {riviera=D:/MTM/semestr8/SDUP_BWT/BWT_3/BWT/Zynq_bwt_v2/zynq_bwt_v2/zynq_bwt_v2.cache/compile_simlib/riviera} {activehdl=D:/MTM/semestr8/SDUP_BWT/BWT_3/BWT/Zynq_bwt_v2/zynq_bwt_v2/zynq_bwt_v2.cache/compile_simlib/activehdl}] -use_ip_compiled_libs -force -quiet
ipx::edit_ip_in_project -upgrade true -name bwt_ip_v2_0_project -directory D:/MTM/semestr8/SDUP_BWT/BWT_3/BWT/Zynq_bwt_v2/zynq_bwt_v2/zynq_bwt_v2.tmp/bwt_ip_v2_0_project d:/MTM/semestr8/SDUP_BWT/BWT_3/BWT/Zynq_bwt_v2/bwt_ip_2.0/component.xml
update_compile_order -fileset sources_1
add_files -norecurse -copy_to d:/MTM/semestr8/SDUP_BWT/BWT_3/BWT/Zynq_bwt_v2/bwt_ip_2.0/src {D:/MTM/semestr8/SDUP_BWT/BWT_3/BWT/Zynq_bwt_v2/bwt_ip_2.0/src/sort2elem.sv D:/MTM/semestr8/SDUP_BWT/BWT_3/BWT/Zynq_bwt_v2/bwt_ip_2.0/src/fifo.sv D:/MTM/semestr8/SDUP_BWT/BWT_3/BWT/Zynq_bwt_v2/bwt_ip_2.0/src/sort_arrays.sv D:/MTM/semestr8/SDUP_BWT/BWT_3/BWT/Zynq_bwt_v2/bwt_ip_2.0/src/merge_sort_top.sv D:/MTM/semestr8/SDUP_BWT/BWT_3/BWT/Zynq_bwt_v2/bwt_ip_2.0/src/MM_top.sv}
add_files -norecurse -force-copy_to d:/MTM/semestr8/SDUP_BWT/BWT_3/BWT/Zynq_bwt_v2/bwt_ip_2.0/src {D:/MTM/semestr8/SDUP_BWT/BWT_3/BWT/Zynq_bwt_v2/bwt_ip_2.0/src/sort2elem.sv D:/MTM/semestr8/SDUP_BWT/BWT_3/BWT/Zynq_bwt_v2/bwt_ip_2.0/src/fifo.sv D:/MTM/semestr8/SDUP_BWT/BWT_3/BWT/Zynq_bwt_v2/bwt_ip_2.0/src/sort_arrays.sv D:/MTM/semestr8/SDUP_BWT/BWT_3/BWT/Zynq_bwt_v2/bwt_ip_2.0/src/merge_sort_top.sv D:/MTM/semestr8/SDUP_BWT/BWT_3/BWT/Zynq_bwt_v2/bwt_ip_2.0/src/MM_top.sv}
add_files -norecurse -force -copy_to d:/MTM/semestr8/SDUP_BWT/BWT_3/BWT/Zynq_bwt_v2/bwt_ip_2.0/src {D:/MTM/semestr8/SDUP_BWT/BWT_3/BWT/Zynq_bwt_v2/bwt_ip_2.0/src/sort2elem.sv D:/MTM/semestr8/SDUP_BWT/BWT_3/BWT/Zynq_bwt_v2/bwt_ip_2.0/src/fifo.sv D:/MTM/semestr8/SDUP_BWT/BWT_3/BWT/Zynq_bwt_v2/bwt_ip_2.0/src/sort_arrays.sv D:/MTM/semestr8/SDUP_BWT/BWT_3/BWT/Zynq_bwt_v2/bwt_ip_2.0/src/merge_sort_top.sv D:/MTM/semestr8/SDUP_BWT/BWT_3/BWT/Zynq_bwt_v2/bwt_ip_2.0/src/MM_top.sv}
update_compile_order -fileset sources_1
set_property core_revision 11 [ipx::current_core]
ipx::update_source_project_archive -component [ipx::current_core]
ipx::create_xgui_files [ipx::current_core]
ipx::update_checksums [ipx::current_core]
ipx::save_core [ipx::current_core]
ipx::move_temp_component_back -component [ipx::current_core]
close_project -delete
update_ip_catalog -rebuild -repo_path d:/MTM/semestr8/SDUP_BWT/BWT_3/BWT/Zynq_bwt_v2/bwt_ip_2.0
report_ip_status -name ip_status 
upgrade_ip -vlnv xilinx.com:user:bwt_ip:2.0 [get_ips  bwt_design_bwt_ip_0_0] -log ip_upgrade.log
export_ip_user_files -of_objects [get_ips bwt_design_bwt_ip_0_0] -no_script -sync -force -quiet
generate_target all [get_files  D:/MTM/semestr8/SDUP_BWT/BWT_3/BWT/Zynq_bwt_v2/zynq_bwt_v2/zynq_bwt_v2.srcs/sources_1/bd/bwt_design/bwt_design.bd]
catch { config_ip_cache -export [get_ips -all bwt_design_bwt_ip_0_0] }
catch { config_ip_cache -export [get_ips -all bwt_design_auto_pc_0] }
export_ip_user_files -of_objects [get_files D:/MTM/semestr8/SDUP_BWT/BWT_3/BWT/Zynq_bwt_v2/zynq_bwt_v2/zynq_bwt_v2.srcs/sources_1/bd/bwt_design/bwt_design.bd] -no_script -sync -force -quiet
create_ip_run [get_files -of_objects [get_fileset sources_1] D:/MTM/semestr8/SDUP_BWT/BWT_3/BWT/Zynq_bwt_v2/zynq_bwt_v2/zynq_bwt_v2.srcs/sources_1/bd/bwt_design/bwt_design.bd]
launch_runs -jobs 4 bwt_design_bwt_ip_0_0_synth_1
export_simulation -of_objects [get_files D:/MTM/semestr8/SDUP_BWT/BWT_3/BWT/Zynq_bwt_v2/zynq_bwt_v2/zynq_bwt_v2.srcs/sources_1/bd/bwt_design/bwt_design.bd] -directory D:/MTM/semestr8/SDUP_BWT/BWT_3/BWT/Zynq_bwt_v2/zynq_bwt_v2/zynq_bwt_v2.ip_user_files/sim_scripts -ip_user_files_dir D:/MTM/semestr8/SDUP_BWT/BWT_3/BWT/Zynq_bwt_v2/zynq_bwt_v2/zynq_bwt_v2.ip_user_files -ipstatic_source_dir D:/MTM/semestr8/SDUP_BWT/BWT_3/BWT/Zynq_bwt_v2/zynq_bwt_v2/zynq_bwt_v2.ip_user_files/ipstatic -lib_map_path [list {modelsim=D:/MTM/semestr8/SDUP_BWT/BWT_3/BWT/Zynq_bwt_v2/zynq_bwt_v2/zynq_bwt_v2.cache/compile_simlib/modelsim} {questa=D:/MTM/semestr8/SDUP_BWT/BWT_3/BWT/Zynq_bwt_v2/zynq_bwt_v2/zynq_bwt_v2.cache/compile_simlib/questa} {riviera=D:/MTM/semestr8/SDUP_BWT/BWT_3/BWT/Zynq_bwt_v2/zynq_bwt_v2/zynq_bwt_v2.cache/compile_simlib/riviera} {activehdl=D:/MTM/semestr8/SDUP_BWT/BWT_3/BWT/Zynq_bwt_v2/zynq_bwt_v2/zynq_bwt_v2.cache/compile_simlib/activehdl}] -use_ip_compiled_libs -force -quiet
ipx::edit_ip_in_project -upgrade true -name bwt_ip_v2_0_project -directory D:/MTM/semestr8/SDUP_BWT/BWT_3/BWT/Zynq_bwt_v2/zynq_bwt_v2/zynq_bwt_v2.tmp/bwt_ip_v2_0_project d:/MTM/semestr8/SDUP_BWT/BWT_3/BWT/Zynq_bwt_v2/bwt_ip_2.0/component.xml
update_compile_order -fileset sources_1
add_files -norecurse -copy_to d:/MTM/semestr8/SDUP_BWT/BWT_3/BWT/Zynq_bwt_v2/bwt_ip_2.0/src D:/MTM/semestr8/SDUP_BWT/BWT_3/BWT/Zynq_bwt_v2/bwt_ip_2.0/src/MM_top.sv
add_files -norecurse -force -copy_to d:/MTM/semestr8/SDUP_BWT/BWT_3/BWT/Zynq_bwt_v2/bwt_ip_2.0/src D:/MTM/semestr8/SDUP_BWT/BWT_3/BWT/Zynq_bwt_v2/bwt_ip_2.0/src/MM_top.sv
update_compile_order -fileset sources_1
set_property library work [get_files  d:/MTM/semestr8/SDUP_BWT/BWT_3/BWT/Zynq_bwt_v2/bwt_ip_2.0/src/MM_top.sv]
add_files -norecurse -copy_to d:/MTM/semestr8/SDUP_BWT/BWT_3/BWT/Zynq_bwt_v2/bwt_ip_2.0/src {D:/MTM/semestr8/SDUP_BWT/BWT_3/BWT/Zynq_bwt_v2/bwt_ip_2.0/src/sort2elem.sv D:/MTM/semestr8/SDUP_BWT/BWT_3/BWT/Zynq_bwt_v2/bwt_ip_2.0/src/fifo.sv D:/MTM/semestr8/SDUP_BWT/BWT_3/BWT/Zynq_bwt_v2/bwt_ip_2.0/src/sort_arrays.sv D:/MTM/semestr8/SDUP_BWT/BWT_3/BWT/Zynq_bwt_v2/bwt_ip_2.0/src/merge_sort_top.sv}
add_files -norecurse -force -copy_to d:/MTM/semestr8/SDUP_BWT/BWT_3/BWT/Zynq_bwt_v2/bwt_ip_2.0/src {D:/MTM/semestr8/SDUP_BWT/BWT_3/BWT/Zynq_bwt_v2/bwt_ip_2.0/src/sort2elem.sv D:/MTM/semestr8/SDUP_BWT/BWT_3/BWT/Zynq_bwt_v2/bwt_ip_2.0/src/fifo.sv D:/MTM/semestr8/SDUP_BWT/BWT_3/BWT/Zynq_bwt_v2/bwt_ip_2.0/src/sort_arrays.sv D:/MTM/semestr8/SDUP_BWT/BWT_3/BWT/Zynq_bwt_v2/bwt_ip_2.0/src/merge_sort_top.sv}
update_compile_order -fileset sources_1
set_property library work [get_files  d:/MTM/semestr8/SDUP_BWT/BWT_3/BWT/Zynq_bwt_v2/bwt_ip_2.0/src/merge_sort_top.sv]
set_property library work [get_files  d:/MTM/semestr8/SDUP_BWT/BWT_3/BWT/Zynq_bwt_v2/bwt_ip_2.0/src/sort2elem.sv]
set_property library work [get_files  d:/MTM/semestr8/SDUP_BWT/BWT_3/BWT/Zynq_bwt_v2/bwt_ip_2.0/src/fifo.sv]
set_property library work [get_files  d:/MTM/semestr8/SDUP_BWT/BWT_3/BWT/Zynq_bwt_v2/bwt_ip_2.0/src/sort_arrays.sv]
ipx::merge_project_changes files [ipx::current_core]
set_property core_revision 12 [ipx::current_core]
ipx::update_source_project_archive -component [ipx::current_core]
ipx::create_xgui_files [ipx::current_core]
ipx::update_checksums [ipx::current_core]
ipx::save_core [ipx::current_core]
ipx::move_temp_component_back -component [ipx::current_core]
close_project -delete
update_ip_catalog -rebuild -repo_path d:/MTM/semestr8/SDUP_BWT/BWT_3/BWT/Zynq_bwt_v2/bwt_ip_2.0
report_ip_status -name ip_status 
upgrade_ip -vlnv xilinx.com:user:bwt_ip:2.0 [get_ips  bwt_design_bwt_ip_0_0] -log ip_upgrade.log
export_ip_user_files -of_objects [get_ips bwt_design_bwt_ip_0_0] -no_script -sync -force -quiet
generate_target all [get_files  D:/MTM/semestr8/SDUP_BWT/BWT_3/BWT/Zynq_bwt_v2/zynq_bwt_v2/zynq_bwt_v2.srcs/sources_1/bd/bwt_design/bwt_design.bd]
catch { config_ip_cache -export [get_ips -all bwt_design_bwt_ip_0_0] }
catch { config_ip_cache -export [get_ips -all bwt_design_auto_pc_0] }
export_ip_user_files -of_objects [get_files D:/MTM/semestr8/SDUP_BWT/BWT_3/BWT/Zynq_bwt_v2/zynq_bwt_v2/zynq_bwt_v2.srcs/sources_1/bd/bwt_design/bwt_design.bd] -no_script -sync -force -quiet
create_ip_run [get_files -of_objects [get_fileset sources_1] D:/MTM/semestr8/SDUP_BWT/BWT_3/BWT/Zynq_bwt_v2/zynq_bwt_v2/zynq_bwt_v2.srcs/sources_1/bd/bwt_design/bwt_design.bd]
launch_runs -jobs 4 bwt_design_bwt_ip_0_0_synth_1
export_simulation -of_objects [get_files D:/MTM/semestr8/SDUP_BWT/BWT_3/BWT/Zynq_bwt_v2/zynq_bwt_v2/zynq_bwt_v2.srcs/sources_1/bd/bwt_design/bwt_design.bd] -directory D:/MTM/semestr8/SDUP_BWT/BWT_3/BWT/Zynq_bwt_v2/zynq_bwt_v2/zynq_bwt_v2.ip_user_files/sim_scripts -ip_user_files_dir D:/MTM/semestr8/SDUP_BWT/BWT_3/BWT/Zynq_bwt_v2/zynq_bwt_v2/zynq_bwt_v2.ip_user_files -ipstatic_source_dir D:/MTM/semestr8/SDUP_BWT/BWT_3/BWT/Zynq_bwt_v2/zynq_bwt_v2/zynq_bwt_v2.ip_user_files/ipstatic -lib_map_path [list {modelsim=D:/MTM/semestr8/SDUP_BWT/BWT_3/BWT/Zynq_bwt_v2/zynq_bwt_v2/zynq_bwt_v2.cache/compile_simlib/modelsim} {questa=D:/MTM/semestr8/SDUP_BWT/BWT_3/BWT/Zynq_bwt_v2/zynq_bwt_v2/zynq_bwt_v2.cache/compile_simlib/questa} {riviera=D:/MTM/semestr8/SDUP_BWT/BWT_3/BWT/Zynq_bwt_v2/zynq_bwt_v2/zynq_bwt_v2.cache/compile_simlib/riviera} {activehdl=D:/MTM/semestr8/SDUP_BWT/BWT_3/BWT/Zynq_bwt_v2/zynq_bwt_v2/zynq_bwt_v2.cache/compile_simlib/activehdl}] -use_ip_compiled_libs -force -quiet
ipx::edit_ip_in_project -upgrade true -name bwt_ip_v2_0_project -directory D:/MTM/semestr8/SDUP_BWT/BWT_3/BWT/Zynq_bwt_v2/zynq_bwt_v2/zynq_bwt_v2.tmp/bwt_ip_v2_0_project d:/MTM/semestr8/SDUP_BWT/BWT_3/BWT/Zynq_bwt_v2/bwt_ip_2.0/component.xml
update_compile_order -fileset sources_1
set_property core_revision 13 [ipx::current_core]
ipx::update_source_project_archive -component [ipx::current_core]
ipx::create_xgui_files [ipx::current_core]
ipx::update_checksums [ipx::current_core]
ipx::save_core [ipx::current_core]
ipx::move_temp_component_back -component [ipx::current_core]
close_project -delete
update_ip_catalog -rebuild -repo_path d:/MTM/semestr8/SDUP_BWT/BWT_3/BWT/Zynq_bwt_v2/bwt_ip_2.0
report_ip_status -name ip_status 
upgrade_ip -vlnv xilinx.com:user:bwt_ip:2.0 [get_ips  bwt_design_bwt_ip_0_0] -log ip_upgrade.log
export_ip_user_files -of_objects [get_ips bwt_design_bwt_ip_0_0] -no_script -sync -force -quiet
generate_target all [get_files  D:/MTM/semestr8/SDUP_BWT/BWT_3/BWT/Zynq_bwt_v2/zynq_bwt_v2/zynq_bwt_v2.srcs/sources_1/bd/bwt_design/bwt_design.bd]
catch { config_ip_cache -export [get_ips -all bwt_design_bwt_ip_0_0] }
catch { config_ip_cache -export [get_ips -all bwt_design_auto_pc_0] }
export_ip_user_files -of_objects [get_files D:/MTM/semestr8/SDUP_BWT/BWT_3/BWT/Zynq_bwt_v2/zynq_bwt_v2/zynq_bwt_v2.srcs/sources_1/bd/bwt_design/bwt_design.bd] -no_script -sync -force -quiet
create_ip_run [get_files -of_objects [get_fileset sources_1] D:/MTM/semestr8/SDUP_BWT/BWT_3/BWT/Zynq_bwt_v2/zynq_bwt_v2/zynq_bwt_v2.srcs/sources_1/bd/bwt_design/bwt_design.bd]
launch_runs -jobs 4 bwt_design_bwt_ip_0_0_synth_1
export_simulation -of_objects [get_files D:/MTM/semestr8/SDUP_BWT/BWT_3/BWT/Zynq_bwt_v2/zynq_bwt_v2/zynq_bwt_v2.srcs/sources_1/bd/bwt_design/bwt_design.bd] -directory D:/MTM/semestr8/SDUP_BWT/BWT_3/BWT/Zynq_bwt_v2/zynq_bwt_v2/zynq_bwt_v2.ip_user_files/sim_scripts -ip_user_files_dir D:/MTM/semestr8/SDUP_BWT/BWT_3/BWT/Zynq_bwt_v2/zynq_bwt_v2/zynq_bwt_v2.ip_user_files -ipstatic_source_dir D:/MTM/semestr8/SDUP_BWT/BWT_3/BWT/Zynq_bwt_v2/zynq_bwt_v2/zynq_bwt_v2.ip_user_files/ipstatic -lib_map_path [list {modelsim=D:/MTM/semestr8/SDUP_BWT/BWT_3/BWT/Zynq_bwt_v2/zynq_bwt_v2/zynq_bwt_v2.cache/compile_simlib/modelsim} {questa=D:/MTM/semestr8/SDUP_BWT/BWT_3/BWT/Zynq_bwt_v2/zynq_bwt_v2/zynq_bwt_v2.cache/compile_simlib/questa} {riviera=D:/MTM/semestr8/SDUP_BWT/BWT_3/BWT/Zynq_bwt_v2/zynq_bwt_v2/zynq_bwt_v2.cache/compile_simlib/riviera} {activehdl=D:/MTM/semestr8/SDUP_BWT/BWT_3/BWT/Zynq_bwt_v2/zynq_bwt_v2/zynq_bwt_v2.cache/compile_simlib/activehdl}] -use_ip_compiled_libs -force -quiet
ipx::edit_ip_in_project -upgrade true -name bwt_ip_v2_0_project -directory D:/MTM/semestr8/SDUP_BWT/BWT_3/BWT/Zynq_bwt_v2/zynq_bwt_v2/zynq_bwt_v2.tmp/bwt_ip_v2_0_project d:/MTM/semestr8/SDUP_BWT/BWT_3/BWT/Zynq_bwt_v2/bwt_ip_2.0/component.xml
update_compile_order -fileset sources_1
set_property core_revision 14 [ipx::current_core]
ipx::update_source_project_archive -component [ipx::current_core]
ipx::create_xgui_files [ipx::current_core]
ipx::update_checksums [ipx::current_core]
ipx::save_core [ipx::current_core]
ipx::move_temp_component_back -component [ipx::current_core]
close_project -delete
update_ip_catalog -rebuild -repo_path d:/MTM/semestr8/SDUP_BWT/BWT_3/BWT/Zynq_bwt_v2/bwt_ip_2.0
report_ip_status -name ip_status 
upgrade_ip -vlnv xilinx.com:user:bwt_ip:2.0 [get_ips  bwt_design_bwt_ip_0_0] -log ip_upgrade.log
export_ip_user_files -of_objects [get_ips bwt_design_bwt_ip_0_0] -no_script -sync -force -quiet
generate_target all [get_files  D:/MTM/semestr8/SDUP_BWT/BWT_3/BWT/Zynq_bwt_v2/zynq_bwt_v2/zynq_bwt_v2.srcs/sources_1/bd/bwt_design/bwt_design.bd]
catch { config_ip_cache -export [get_ips -all bwt_design_bwt_ip_0_0] }
catch { config_ip_cache -export [get_ips -all bwt_design_auto_pc_0] }
export_ip_user_files -of_objects [get_files D:/MTM/semestr8/SDUP_BWT/BWT_3/BWT/Zynq_bwt_v2/zynq_bwt_v2/zynq_bwt_v2.srcs/sources_1/bd/bwt_design/bwt_design.bd] -no_script -sync -force -quiet
create_ip_run [get_files -of_objects [get_fileset sources_1] D:/MTM/semestr8/SDUP_BWT/BWT_3/BWT/Zynq_bwt_v2/zynq_bwt_v2/zynq_bwt_v2.srcs/sources_1/bd/bwt_design/bwt_design.bd]
launch_runs -jobs 4 bwt_design_bwt_ip_0_0_synth_1
export_simulation -of_objects [get_files D:/MTM/semestr8/SDUP_BWT/BWT_3/BWT/Zynq_bwt_v2/zynq_bwt_v2/zynq_bwt_v2.srcs/sources_1/bd/bwt_design/bwt_design.bd] -directory D:/MTM/semestr8/SDUP_BWT/BWT_3/BWT/Zynq_bwt_v2/zynq_bwt_v2/zynq_bwt_v2.ip_user_files/sim_scripts -ip_user_files_dir D:/MTM/semestr8/SDUP_BWT/BWT_3/BWT/Zynq_bwt_v2/zynq_bwt_v2/zynq_bwt_v2.ip_user_files -ipstatic_source_dir D:/MTM/semestr8/SDUP_BWT/BWT_3/BWT/Zynq_bwt_v2/zynq_bwt_v2/zynq_bwt_v2.ip_user_files/ipstatic -lib_map_path [list {modelsim=D:/MTM/semestr8/SDUP_BWT/BWT_3/BWT/Zynq_bwt_v2/zynq_bwt_v2/zynq_bwt_v2.cache/compile_simlib/modelsim} {questa=D:/MTM/semestr8/SDUP_BWT/BWT_3/BWT/Zynq_bwt_v2/zynq_bwt_v2/zynq_bwt_v2.cache/compile_simlib/questa} {riviera=D:/MTM/semestr8/SDUP_BWT/BWT_3/BWT/Zynq_bwt_v2/zynq_bwt_v2/zynq_bwt_v2.cache/compile_simlib/riviera} {activehdl=D:/MTM/semestr8/SDUP_BWT/BWT_3/BWT/Zynq_bwt_v2/zynq_bwt_v2/zynq_bwt_v2.cache/compile_simlib/activehdl}] -use_ip_compiled_libs -force -quiet
ipx::edit_ip_in_project -upgrade true -name bwt_ip_v2_0_project -directory D:/MTM/semestr8/SDUP_BWT/BWT_3/BWT/Zynq_bwt_v2/zynq_bwt_v2/zynq_bwt_v2.tmp/bwt_ip_v2_0_project d:/MTM/semestr8/SDUP_BWT/BWT_3/BWT/Zynq_bwt_v2/bwt_ip_2.0/component.xml
update_compile_order -fileset sources_1
set_property core_revision 15 [ipx::current_core]
ipx::update_source_project_archive -component [ipx::current_core]
ipx::create_xgui_files [ipx::current_core]
ipx::update_checksums [ipx::current_core]
ipx::save_core [ipx::current_core]
ipx::move_temp_component_back -component [ipx::current_core]
close_project -delete
update_ip_catalog -rebuild -repo_path d:/MTM/semestr8/SDUP_BWT/BWT_3/BWT/Zynq_bwt_v2/bwt_ip_2.0
report_ip_status -name ip_status 
upgrade_ip -vlnv xilinx.com:user:bwt_ip:2.0 [get_ips  bwt_design_bwt_ip_0_0] -log ip_upgrade.log
export_ip_user_files -of_objects [get_ips bwt_design_bwt_ip_0_0] -no_script -sync -force -quiet
generate_target all [get_files  D:/MTM/semestr8/SDUP_BWT/BWT_3/BWT/Zynq_bwt_v2/zynq_bwt_v2/zynq_bwt_v2.srcs/sources_1/bd/bwt_design/bwt_design.bd]
catch { config_ip_cache -export [get_ips -all bwt_design_bwt_ip_0_0] }
catch { config_ip_cache -export [get_ips -all bwt_design_auto_pc_0] }
export_ip_user_files -of_objects [get_files D:/MTM/semestr8/SDUP_BWT/BWT_3/BWT/Zynq_bwt_v2/zynq_bwt_v2/zynq_bwt_v2.srcs/sources_1/bd/bwt_design/bwt_design.bd] -no_script -sync -force -quiet
create_ip_run [get_files -of_objects [get_fileset sources_1] D:/MTM/semestr8/SDUP_BWT/BWT_3/BWT/Zynq_bwt_v2/zynq_bwt_v2/zynq_bwt_v2.srcs/sources_1/bd/bwt_design/bwt_design.bd]
launch_runs -jobs 4 bwt_design_bwt_ip_0_0_synth_1
export_simulation -of_objects [get_files D:/MTM/semestr8/SDUP_BWT/BWT_3/BWT/Zynq_bwt_v2/zynq_bwt_v2/zynq_bwt_v2.srcs/sources_1/bd/bwt_design/bwt_design.bd] -directory D:/MTM/semestr8/SDUP_BWT/BWT_3/BWT/Zynq_bwt_v2/zynq_bwt_v2/zynq_bwt_v2.ip_user_files/sim_scripts -ip_user_files_dir D:/MTM/semestr8/SDUP_BWT/BWT_3/BWT/Zynq_bwt_v2/zynq_bwt_v2/zynq_bwt_v2.ip_user_files -ipstatic_source_dir D:/MTM/semestr8/SDUP_BWT/BWT_3/BWT/Zynq_bwt_v2/zynq_bwt_v2/zynq_bwt_v2.ip_user_files/ipstatic -lib_map_path [list {modelsim=D:/MTM/semestr8/SDUP_BWT/BWT_3/BWT/Zynq_bwt_v2/zynq_bwt_v2/zynq_bwt_v2.cache/compile_simlib/modelsim} {questa=D:/MTM/semestr8/SDUP_BWT/BWT_3/BWT/Zynq_bwt_v2/zynq_bwt_v2/zynq_bwt_v2.cache/compile_simlib/questa} {riviera=D:/MTM/semestr8/SDUP_BWT/BWT_3/BWT/Zynq_bwt_v2/zynq_bwt_v2/zynq_bwt_v2.cache/compile_simlib/riviera} {activehdl=D:/MTM/semestr8/SDUP_BWT/BWT_3/BWT/Zynq_bwt_v2/zynq_bwt_v2/zynq_bwt_v2.cache/compile_simlib/activehdl}] -use_ip_compiled_libs -force -quiet
ipx::edit_ip_in_project -upgrade true -name bwt_ip_v2_0_project -directory D:/MTM/semestr8/SDUP_BWT/BWT_3/BWT/Zynq_bwt_v2/zynq_bwt_v2/zynq_bwt_v2.tmp/bwt_ip_v2_0_project d:/MTM/semestr8/SDUP_BWT/BWT_3/BWT/Zynq_bwt_v2/bwt_ip_2.0/component.xml
update_compile_order -fileset sources_1
set_property core_revision 16 [ipx::current_core]
ipx::update_source_project_archive -component [ipx::current_core]
ipx::create_xgui_files [ipx::current_core]
ipx::update_checksums [ipx::current_core]
ipx::save_core [ipx::current_core]
ipx::move_temp_component_back -component [ipx::current_core]
close_project -delete
update_ip_catalog -rebuild -repo_path d:/MTM/semestr8/SDUP_BWT/BWT_3/BWT/Zynq_bwt_v2/bwt_ip_2.0
report_ip_status -name ip_status 
upgrade_ip -vlnv xilinx.com:user:bwt_ip:2.0 [get_ips  bwt_design_bwt_ip_0_0] -log ip_upgrade.log
export_ip_user_files -of_objects [get_ips bwt_design_bwt_ip_0_0] -no_script -sync -force -quiet
generate_target all [get_files  D:/MTM/semestr8/SDUP_BWT/BWT_3/BWT/Zynq_bwt_v2/zynq_bwt_v2/zynq_bwt_v2.srcs/sources_1/bd/bwt_design/bwt_design.bd]
catch { config_ip_cache -export [get_ips -all bwt_design_bwt_ip_0_0] }
catch { config_ip_cache -export [get_ips -all bwt_design_auto_pc_0] }
export_ip_user_files -of_objects [get_files D:/MTM/semestr8/SDUP_BWT/BWT_3/BWT/Zynq_bwt_v2/zynq_bwt_v2/zynq_bwt_v2.srcs/sources_1/bd/bwt_design/bwt_design.bd] -no_script -sync -force -quiet
create_ip_run [get_files -of_objects [get_fileset sources_1] D:/MTM/semestr8/SDUP_BWT/BWT_3/BWT/Zynq_bwt_v2/zynq_bwt_v2/zynq_bwt_v2.srcs/sources_1/bd/bwt_design/bwt_design.bd]
launch_runs -jobs 4 bwt_design_bwt_ip_0_0_synth_1
export_simulation -of_objects [get_files D:/MTM/semestr8/SDUP_BWT/BWT_3/BWT/Zynq_bwt_v2/zynq_bwt_v2/zynq_bwt_v2.srcs/sources_1/bd/bwt_design/bwt_design.bd] -directory D:/MTM/semestr8/SDUP_BWT/BWT_3/BWT/Zynq_bwt_v2/zynq_bwt_v2/zynq_bwt_v2.ip_user_files/sim_scripts -ip_user_files_dir D:/MTM/semestr8/SDUP_BWT/BWT_3/BWT/Zynq_bwt_v2/zynq_bwt_v2/zynq_bwt_v2.ip_user_files -ipstatic_source_dir D:/MTM/semestr8/SDUP_BWT/BWT_3/BWT/Zynq_bwt_v2/zynq_bwt_v2/zynq_bwt_v2.ip_user_files/ipstatic -lib_map_path [list {modelsim=D:/MTM/semestr8/SDUP_BWT/BWT_3/BWT/Zynq_bwt_v2/zynq_bwt_v2/zynq_bwt_v2.cache/compile_simlib/modelsim} {questa=D:/MTM/semestr8/SDUP_BWT/BWT_3/BWT/Zynq_bwt_v2/zynq_bwt_v2/zynq_bwt_v2.cache/compile_simlib/questa} {riviera=D:/MTM/semestr8/SDUP_BWT/BWT_3/BWT/Zynq_bwt_v2/zynq_bwt_v2/zynq_bwt_v2.cache/compile_simlib/riviera} {activehdl=D:/MTM/semestr8/SDUP_BWT/BWT_3/BWT/Zynq_bwt_v2/zynq_bwt_v2/zynq_bwt_v2.cache/compile_simlib/activehdl}] -use_ip_compiled_libs -force -quiet
reset_run synth_1
launch_runs impl_1 -to_step write_bitstream -jobs 4
wait_on_run impl_1
file copy -force D:/MTM/semestr8/SDUP_BWT/BWT_3/BWT/Zynq_bwt_v2/zynq_bwt_v2/zynq_bwt_v2.runs/impl_1/bwt_design_wrapper.sysdef D:/MTM/semestr8/SDUP_BWT/BWT_3/BWT/Zynq_bwt_v2/zynq_bwt_v2/zynq_bwt_v2.sdk/bwt_design_wrapper.hdf

ipx::edit_ip_in_project -upgrade true -name bwt_ip_v2_0_project -directory D:/MTM/semestr8/SDUP_BWT/BWT_3/BWT/Zynq_bwt_v2/zynq_bwt_v2/zynq_bwt_v2.tmp/bwt_ip_v2_0_project d:/MTM/semestr8/SDUP_BWT/BWT_3/BWT/Zynq_bwt_v2/bwt_ip_2.0/component.xml
update_compile_order -fileset sources_1
set_property core_revision 17 [ipx::current_core]
ipx::update_source_project_archive -component [ipx::current_core]
ipx::create_xgui_files [ipx::current_core]
ipx::update_checksums [ipx::current_core]
ipx::save_core [ipx::current_core]
ipx::move_temp_component_back -component [ipx::current_core]
close_project -delete
